// Jest Snapshot v1, https://goo.gl/fbAQLP

exports[`NotificationWarning.vue basic behaviour should render the body 1`] = `
<div class="notification">
  <div class="text is-caption">Notification message</div>
</div>
`;
