// Jest Snapshot v1, https://goo.gl/fbAQLP

exports[`MapQuickAction.vue should render correct contents 1`] = `<quickactions-stub actions="[object Object],[object Object],[object Object],[object Object],[object Object],[object Object]"></quickactions-stub>`;
