// Jest Snapshot v1, https://goo.gl/fbAQLP

exports[`QuotaContainer.vue should render correct contents 1`] = `<div class="quota-container"></div>`;
