// Jest Snapshot v1, https://goo.gl/fbAQLP

exports[`BulkActions.vue should render correct contents 1`] = `
<section class="bulk-actions"><button class="bulk-actions__button button button--ghost">
    Test Action
  </button></section>
`;
